// Jest Snapshot v1, https://goo.gl/fbAQLP

exports[`value correctly 1`] = `
<div
  className="columns"
>
  <div
    className="column is-two-fifths"
  >
    <div
      className="box"
    >
      <article
        class="media"
      >
        <div
          class="media-left"
        >
          <figure
            class="image is-64x64"
          >
            <img
              alt="Image"
              src="https://bulma.io/images/placeholders/128x128.png"
            />
          </figure>
        </div>
        <div
          class="media-content"
        >
          <div
            class="content"
          >
            <p>
              <strong>
                John Smith
              </strong>
               
              <small>
                @johnsmith
              </small>
               
              <small>
                31m
              </small>
              <br />
              Lorem ipsum dolor sit amet, consectetur adipiscing elit. Aenean efficitur sit amet massa fringilla egestas. Nullam condimentum luctus turpis.
            </p>
          </div>
          <nav
            class="level is-mobile"
          >
            <div
              class="level-left"
            >
              <a
                aria-label="reply"
                class="level-item"
              >
                <span
                  class="icon is-small"
                >
                  <i
                    aria-hidden="true"
                    class="fas fa-reply"
                  />
                </span>
              </a>
              <a
                aria-label="retweet"
                class="level-item"
              >
                <span
                  class="icon is-small"
                >
                  <i
                    aria-hidden="true"
                    class="fas fa-retweet"
                  />
                </span>
              </a>
              <a
                aria-label="like"
                class="level-item"
              >
                <span
                  class="icon is-small"
                >
                  <i
                    aria-hidden="true"
                    class="fas fa-heart"
                  />
                </span>
              </a>
            </div>
          </nav>
        </div>
      </article>
    </div>
  </div>
</div>
`;
