// Jest Snapshot v1, https://goo.gl/fbAQLP

exports[`value correctly 1`] = `
<div
  className="tile tile is-ancestor"
>
  <div
    className="tile tile is-vertical is-8"
  >
    <div
      className="tile tile"
    >
      <div
        className="tile tile is-parent is-vertical"
      >
        <div
          className="notification tile is-child is-primary"
        >
          <p
            className="title"
          >
            Vertical...
          </p>
          <p
            className="subtitle"
          >
            Top tile
          </p>
          <div
            class="content"
          />
        </div>
        <div
          className="notification tile is-child is-warning"
        >
          <p
            className="title"
          >
            ...tiles
          </p>
          <p
            className="subtitle"
          >
            Bottom tile
          </p>
          <div
            class="content"
          />
        </div>
      </div>
      <div
        className="tile tile is-parent"
      >
        <div
          className="notification tile is-child is-info"
        >
          <p
            className="title"
          >
            Middle tile
          </p>
          <p
            className="subtitle"
          >
            With an image
          </p>
          <div
            class="content"
          >
            <figure
              class="image is-4by3"
            >
              <img
                src="https://bulma.io/images/placeholders/640x480.png"
              />
            </figure>
          </div>
        </div>
      </div>
    </div>
    <div
      className="tile tile is-parent"
    >
      <div
        className="notification tile is-child is-danger"
      >
        <p
          className="title"
        >
          Wide tile
        </p>
        <p
          className="subtitle"
        >
          ALigned with the right tile
        </p>
        <div
          class="content"
        >
          Lorem ipsum dolor sit amet, consectetur adipiscing elit. Proin ornare magna eros, eu pellentesque tortor vestibulum ut. Maecenas non massa sem. Etiam finibus odio quis feugiat facilisis.
        </div>
      </div>
    </div>
  </div>
  <div
    className="tile is-parent"
  >
    <div
      className="notification tile is-child is-success"
    >
      <p
        className="title"
      >
        Tall tile
      </p>
      <p
        className="subtitle"
      >
        With even more content
      </p>
      <div
        class="content"
      >
        Lorem ipsum dolor sit amet, consectetur adipiscing elit. Etiam semper diam at erat pulvinar, at pulvinar felis blandit. Vestibulum volutpat tellus diam, consequat gravida libero rhoncus ut. Morbi maximus, leo sit amet vehicula eleifend, nunc dui porta orci, quis semper odio felis ut quam. Suspendisse varius ligula in molestie lacinia. Maecenas varius eget ligula a sagittis. Pellentesque interdum, nisl nec interdum maximus, augue diam porttitor lorem, et sollicitudin felis neque sit amet erat. Maecenas imperdiet felis nisi, fringilla luctus felis hendrerit sit amet. Aenean vitae gravida diam, finibus dignissim turpis. Sed eget varius ligula, at volutpat tortor. Integer sollicitudin, tortor a mattis commodo, velit urna rhoncus erat, vitae congue lectus dolor consequat libero. Donec leo ligula, maximus et pellentesque sed, gravida a metus. Cras ullamcorper a nunc ac porta. Aliquam ut aliquet lacus, quis faucibus libero. Quisque non semper leo.
      </div>
    </div>
  </div>
</div>
`;
