// Jest Snapshot v1, https://goo.gl/fbAQLP

exports[`test table 1`] = `
<table
  className="table is-bordered is-striped is-narrow is-fullwidth"
>
  <thead>
    <tr>
      <th>
        Pos
      </th>
      <th>
        Team
      </th>
      <th>
        Pld
      </th>
      <th>
        W
      </th>
      <th>
        D
      </th>
      <th>
        L
      </th>
      <th>
        GF
      </th>
      <th>
        GA
      </th>
      <th>
        GD
      </th>
      <th>
        Pts
      </th>
      <th>
        Qualification or relegation
      </th>
    </tr>
  </thead>
  <tbody>
    <tr
      style={
        Object {
          "cursor": "pointer",
        }
      }
    >
      <td>
        2
      </td>
      <td>
        Arsenal
      </td>
      <td>
        38
      </td>
      <td>
        20
      </td>
      <td>
        11
      </td>
      <td>
        7
      </td>
      <td>
        65
      </td>
      <td>
        36
      </td>
      <td>
        +29
      </td>
      <td>
        71
      </td>
      <td>
        Qualification for the Champions League group stage
      </td>
    </tr>
  </tbody>
  <tfoot>
    <tr>
      <th>
        Pos
      </th>
      <th>
        Team
      </th>
      <th>
        Pld
      </th>
      <th>
        W
      </th>
      <th>
        D
      </th>
      <th>
        L
      </th>
      <th>
        GF
      </th>
      <th>
        GA
      </th>
      <th>
        GD
      </th>
      <th>
        Pts
      </th>
      <th>
        Qualification or relegation
      </th>
    </tr>
  </tfoot>
</table>
`;
